<?xml version="1.0" encoding="UTF-8"?>
<WorkBook xmlVersion="20091224">
<TableDataMap>
<TableData name="detailSale" class="com.fr.data.impl.DBTableData">
<Parameters>
<Parameter>
<Attributes name="yeartime"/>
<O>
<![CDATA[]]></O>
</Parameter>
<Parameter>
<Attributes name="monthtime"/>
<O>
<![CDATA[]]></O>
</Parameter>
</Parameters>
<Attributes maxMemRowCount="-1"/>
<Connection class="com.fr.data.impl.NameDatabaseConnection">
<DatabaseName>
<![CDATA[FlyReportor]]></DatabaseName>
</Connection>
<Query>
<![CDATA[select IFNULL(sum(y.COUNT),0) allYearCount,y.detail_type,
(select IFNULL(sum(m.MONTH_COUNT),0) 
from b_month_dept_task m 
LEFT JOIN b_year_target y1 on m.B_YEAR_TARGET_CODE = y1.`CODE`
where y1.DETAIL_TYPE = y.DETAIL_TYPE 
and m.`YEAR`=${yeartime} 
and `MONTH`=${monthtime} 
and m.ISDEL=0
and y1.target_type='XSH') month_count,
(select IFNULL(sum(d.DAILY_COUNT),0) 
from b_daily_emp_task d 
LEFT JOIN b_week_emp_task w on d.B_WEEK_EMP_TASK_ID = w.ID
LEFT JOIN b_year_target y1 on w.B_YEAR_TARGET_CODE = y1.`CODE`
where y1.DETAIL_TYPE = y.DETAIL_TYPE  
and w.`YEAR`=${yeartime}
and w.`MONTH`=${monthtime} 
and d.ISDEL=0 
and w.ISDEL=0) daily_count,
(select IFNULL(sum(d1.DAILY_COUNT),0) 
from b_daily_emp_task d1 
LEFT JOIN b_week_emp_task w on d1.B_WEEK_EMP_TASK_ID = w.ID 
LEFT JOIN b_year_target y1 on w.B_YEAR_TARGET_CODE = y1.`CODE`
where y1.DETAIL_TYPE = y.DETAIL_TYPE 
and w.`YEAR`=${yeartime}-1 
and w.`MONTH`=${monthtime}  
and d1.ISDEL=0 
and w.ISDEL=0
and y1.target_type='XSH') last_daily_count,
(select IFNULL(sum(d2.DAILY_COUNT),0) 
from b_daily_emp_task d2 
LEFT JOIN b_week_emp_task w on d2.B_WEEK_EMP_TASK_ID = w.ID 
LEFT JOIN b_year_target y2 on w.B_YEAR_TARGET_CODE = y2.`CODE`
where y2.DETAIL_TYPE = y.DETAIL_TYPE 
and w.`YEAR`=${yeartime}
and w.`MONTH`<=${monthtime} 
and d2.ISDEL=0 
and w.ISDEL=0
and y2.target_type='XSH') total_daily_count
from b_year_target y 
where y.ISDEL=0 
and y.target_type='XSH'
and y.`YEAR`=${yeartime}
and y.detail_type is not null
and y.detail_type != ""
group by y.detail_type]]></Query>
</TableData>
</TableDataMap>
<ReportSettings orientation="1" headerHeight="0.0" footerHeight="0.0">
<Margin top="0.27" left="0.39566929133858275" bottom="0.27" right="0.39566929133858275"/>
</ReportSettings>
<ReportParameterAttr>
<Attributes showWindow="false" delayPlaying="true" windowPosition="1" align="1"/>
<PWTitle>
<![CDATA[参数]]></PWTitle>
</ReportParameterAttr>
<Report class="com.fr.report.WorkSheet" name="sheet1">
<ReportSettings headerHeight="0.0" footerHeight="0.0">
<Margin top="0.27" left="0.75" bottom="0.27" right="0.75"/>
</ReportSettings>
<ReportPageAttr>
<HR/>
<FR/>
<HC/>
<FC/>
</ReportPageAttr>
<ReportWebAttr>
<EmailManager mailHost="" password="___" user="" fromEmailAddres=""/>
<ServerPrinter/>
<WebPageContent>
<ToolBars>
<ToolBarManager>
<Location>
<Embed position="1"/>
</Location>
<ToolBar>
<Widget class="com.fr.report.web.ui.impl.page.First">
<WidgetAttr disabled="true"/>
<Text>
<![CDATA[首页]]></Text>
<IconName>
<![CDATA[first]]></IconName>
</Widget>
<Widget class="com.fr.report.web.ui.impl.page.Previous">
<WidgetAttr disabled="true"/>
<Text>
<![CDATA[上一页]]></Text>
<IconName>
<![CDATA[previous]]></IconName>
</Widget>
<Widget class="com.fr.report.web.ui.impl.page.PageNavi">
<WidgetAttr/>
</Widget>
<Widget class="com.fr.report.web.ui.impl.page.Next">
<WidgetAttr disabled="true"/>
<Text>
<![CDATA[下一页]]></Text>
<IconName>
<![CDATA[next]]></IconName>
</Widget>
<Widget class="com.fr.report.web.ui.impl.page.Last">
<WidgetAttr disabled="true"/>
<Text>
<![CDATA[末页]]></Text>
<IconName>
<![CDATA[last]]></IconName>
</Widget>
<Widget class="com.fr.report.web.ui.impl.PageSetup">
<WidgetAttr disabled="true"/>
<Text>
<![CDATA[页面设置]]></Text>
<IconName>
<![CDATA[pagesetup]]></IconName>
</Widget>
<Widget class="com.fr.report.web.ui.impl.FlashPrint">
<WidgetAttr disabled="true"/>
<Text>
<![CDATA[打印[客户端]A]]></Text>
<IconName>
<![CDATA[flashprint]]></IconName>
</Widget>
<Widget class="com.fr.report.web.ui.impl.Print">
<PrintButtons/>
</Widget>
<Widget class="com.fr.report.web.ui.impl.Export">
<Buttons pdf="true" excelP="true" excelO="true" excelS="true" word="true"/>
</Widget>
<Widget class="com.fr.report.web.ui.impl.Email">
<WidgetAttr disabled="true"/>
<Text>
<![CDATA[邮件]]></Text>
<IconName>
<![CDATA[email]]></IconName>
</Widget>
</ToolBar>
</ToolBarManager>
</ToolBars>
<WebPage isPage="true"/>
<WebMargin margins="0,auto,0,auto"/>
</WebPageContent>
<WebFormContent>
<ToolBars/>
</WebFormContent>
<WebWriteContent>
<ToolBars>
<ToolBarManager>
<Location>
<Embed position="1"/>
</Location>
<ToolBar>
<Widget class="com.fr.report.web.ui.impl.write.Submit">
<WidgetAttr disabled="true"/>
<Text>
<![CDATA[提交]]></Text>
<IconName>
<![CDATA[submit]]></IconName>
</Widget>
<Widget class="com.fr.report.web.ui.impl.write.Verify">
<WidgetAttr disabled="true"/>
<Text>
<![CDATA[数据校验]]></Text>
<IconName>
<![CDATA[verify]]></IconName>
</Widget>
<Widget class="com.fr.report.web.ui.impl.FlashPrint">
<WidgetAttr disabled="true"/>
<Text>
<![CDATA[Flash打印[客户端]A]]></Text>
<IconName>
<![CDATA[flashprint]]></IconName>
</Widget>
<Widget class="com.fr.report.web.ui.impl.Print">
<PrintButtons/>
</Widget>
<Widget class="com.fr.report.web.ui.impl.Export">
<Buttons pdf="true" excelP="true" excelO="true" excelS="true" word="true"/>
</Widget>
<Widget class="com.fr.report.web.ui.impl.Email">
<WidgetAttr disabled="true"/>
<Text>
<![CDATA[邮件]]></Text>
<IconName>
<![CDATA[email]]></IconName>
</Widget>
<Widget class="com.fr.report.web.ui.impl.write.AppendColumnRow">
<WidgetAttr disabled="true"/>
<Text>
<![CDATA[增加记录]]></Text>
<IconName>
<![CDATA[appendcolumn]]></IconName>
</Widget>
<Widget class="com.fr.report.web.ui.impl.write.ShowCellValue">
<WidgetAttr/>
</Widget>
</ToolBar>
</ToolBarManager>
</ToolBars>
<SelectedColor/>
</WebWriteContent>
<Background name="NullBackground"/>
</ReportWebAttr>
<Header reportPageType="0">
<Background name="NullBackground"/>
<LeftList/>
<CenterList/>
<RightList/>
</Header>
<Footer reportPageType="0">
<Background name="NullBackground"/>
<LeftList/>
<CenterList/>
<RightList/>
</Footer>
<RowHeight defaultValue="19">
<![CDATA[28,60,60,19,19,19,19,19,19,19,19]]></RowHeight>
<ColumnWidth defaultValue="72">
<![CDATA[214,72,73,73,90,77,86,91,72,122,72]]></ColumnWidth>
<CellElementList>
<C c="0" r="0" cs="10" s="0">
<O t="Formula" class="Formula">
<Attributes>
<![CDATA[=$yeartime+"年"+$monthtime+"月份销售完成情况"]]></Attributes>
</O>
<Expand/>
</C>
<C c="0" r="1" s="1">
<O>
<![CDATA[名称]]></O>
<Expand/>
</C>
<C c="1" r="1" s="1">
<O>
<![CDATA[计划销售额（万元）]]></O>
<Expand/>
</C>
<C c="2" r="1" s="1">
<O>
<![CDATA[实际销售额（万元）]]></O>
<Expand/>
</C>
<C c="3" r="1" s="1">
<O>
<![CDATA[本月完成率（%）]]></O>
<Expand/>
</C>
<C c="4" r="1" s="2">
<O>
<![CDATA[去年同期实际销售额（万元）]]></O>
<Expand/>
</C>
<C c="5" r="1" s="1">
<O>
<![CDATA[同比去年增长（%）]]></O>
<Expand/>
</C>
<C c="6" r="1" s="1">
<O>
<![CDATA[全年销售计划（万元）]]></O>
<Expand/>
</C>
<C c="7" r="1" s="1">
<O>
<![CDATA[截止到本月的实际完成销售额 （万月）]]></O>
<Expand/>
</C>
<C c="8" r="1" s="1">
<O>
<![CDATA[全年完成率（%）]]></O>
<Expand/>
</C>
<C c="9" r="1" s="1">
<O>
<![CDATA[备注]]></O>
<Expand/>
</C>
<C c="0" r="2" s="3">
<O t="DSColumn">
<Attributes dsName="detailSale" columnName="detail_type"/>
<Complex/>
<RG class="com.fr.report.cellElement.core.FunctionGrouper"/>
</O>
<Expand dir="0"/>
</C>
<C c="1" r="2" s="3">
<O t="DSColumn">
<Attributes dsName="detailSale" columnName="month_count"/>
<Complex/>
<RG class="com.fr.report.cellElement.core.FunctionGrouper"/>
</O>
<Expand dir="0"/>
</C>
<C c="2" r="2" s="3">
<O t="DSColumn">
<Attributes dsName="detailSale" columnName="daily_count"/>
<Complex/>
<RG class="com.fr.report.cellElement.core.FunctionGrouper"/>
</O>
<Expand dir="0"/>
</C>
<C c="3" r="2" s="3">
<O t="Formula" class="Formula">
<Attributes>
<![CDATA[=IF(B3 = 0, 100, ROUND((C3 / B3) * 100, 2))]]></Attributes>
</O>
<Expand/>
</C>
<C c="4" r="2" s="3">
<O t="DSColumn">
<Attributes dsName="detailSale" columnName="last_daily_count"/>
<Complex/>
<RG class="com.fr.report.cellElement.core.FunctionGrouper"/>
</O>
<Expand dir="0"/>
</C>
<C c="5" r="2" s="3">
<O t="Formula" class="Formula">
<Attributes>
<![CDATA[=IF(E3=0,100,ROUND(((C3-E3)/E3)*100,2))]]></Attributes>
</O>
<Expand/>
</C>
<C c="6" r="2" s="3">
<O t="DSColumn">
<Attributes dsName="detailSale" columnName="allYearCount"/>
<Complex/>
<RG class="com.fr.report.cellElement.core.FunctionGrouper"/>
</O>
<Expand dir="0"/>
</C>
<C c="7" r="2" s="3">
<O t="DSColumn">
<Attributes dsName="detailSale" columnName="total_daily_count"/>
<Complex/>
<RG class="com.fr.report.cellElement.core.FunctionGrouper"/>
</O>
<Expand dir="0"/>
</C>
<C c="8" r="2" s="3">
<O t="Formula" class="Formula">
<Attributes>
<![CDATA[=IF(G3 = 0, 100, ROUND((H3 / G3) * 100, 2))]]></Attributes>
</O>
<Expand/>
</C>
<C c="9" r="2" s="3">
<Expand/>
</C>
<C c="0" r="3" s="3">
<O>
<![CDATA[合计]]></O>
<Expand/>
</C>
<C c="1" r="3" s="3">
<O t="Formula" class="Formula">
<Attributes>
<![CDATA[=SUM(B3)]]></Attributes>
</O>
<Expand/>
</C>
<C c="2" r="3" s="3">
<O t="Formula" class="Formula">
<Attributes>
<![CDATA[=SUM(C3)]]></Attributes>
</O>
<Expand/>
</C>
<C c="3" r="3" s="3">
<Expand/>
</C>
<C c="4" r="3" s="4">
<Expand/>
</C>
<C c="5" r="3" s="3">
<Expand/>
</C>
<C c="6" r="3" s="3">
<O t="Formula" class="Formula">
<Attributes>
<![CDATA[=SUM(G3)]]></Attributes>
</O>
<Expand/>
</C>
<C c="7" r="3" s="3">
<O t="Formula" class="Formula">
<Attributes>
<![CDATA[=SUM(H3)]]></Attributes>
</O>
<Expand/>
</C>
<C c="8" r="3" s="3">
<Expand/>
</C>
<C c="9" r="3" s="3">
<Expand/>
</C>
</CellElementList>
</Report>
<StyleList>
<Style style_name="Title"/>
<Style horizontal_alignment="0">
<FRFont name="SimSun" style="0" size="12"/>
<Background name="ImageBackground" specifiedImageWidth="-1.0" specifiedImageHeight="-1.0" layout="2">
<Image width="271" height="20">
<![CDATA[mDD3s_Ctrm_#OF0>K!!9WJ6!OQ7+.ZoaQ9>0E]Ad2laNppWiE)!WiGp)li!RsTDPW,0?[QWIV
_g1pu1d?NUQ%!281S82*R8))W+4iebJi;<TD!-WQ)u!;iUeW~
]]></Image>
</Background>
<Border>
<Top style="1"/>
<Bottom style="1"/>
<Left style="1"/>
<Right style="1"/>
</Border>
</Style>
<Style>
<FRFont name="SimSun" style="0" size="12"/>
<Background name="ImageBackground" specifiedImageWidth="-1.0" specifiedImageHeight="-1.0" layout="2">
<Image width="271" height="20">
<![CDATA[mDD3s_Ctrm_#OF0>K!!9WJ6!OQ7+.ZoaQ9>0E]Ad2laNppWiE)!WiGp)li!RsTDPW,0?[QWIV
_g1pu1d?NUQ%!281S82*R8))W+4iebJi;<TD!-WQ)u!;iUeW~
]]></Image>
</Background>
<Border>
<Top style="1"/>
<Bottom style="1"/>
<Left style="1"/>
<Right style="1"/>
</Border>
</Style>
<Style horizontal_alignment="0">
<FRFont name="SimSun" style="0" size="12"/>
<Background name="NullBackground"/>
<Border>
<Top style="1"/>
<Bottom style="1"/>
<Left style="1"/>
<Right style="1"/>
</Border>
</Style>
<Style>
<FRFont name="SimSun" style="0" size="12"/>
<Background name="NullBackground"/>
<Border>
<Top style="1"/>
<Bottom style="1"/>
<Left style="1"/>
<Right style="1"/>
</Border>
</Style>
</StyleList>
</WorkBook>
