<?xml version="1.0" encoding="UTF-8"?>
<WorkBook xmlVersion="20091224">
<TableDataMap>
<TableData name="ds1" class="com.fr.data.impl.DBTableData">
<Parameters/>
<Attributes maxMemRowCount="-1"/>
<Connection class="com.fr.data.impl.NameDatabaseConnection">
<DatabaseName>
<![CDATA[FlyReportor]]></DatabaseName>
</Connection>
<Query>
<![CDATA[SELECT YEAR(SIGNDATE) AS YEAR,MONTH(SIGNDATE) AS MONTH,ORDERID,AMOUNT FROM ORDERS]]></Query>
</TableData>
</TableDataMap>
<Report class="com.fr.report.WorkSheet" name="sheet1">
<ReportSettings shrinkToFitMode="0" headerHeight="0.0" footerHeight="0.0">
<Margin top="0.27" left="0.75" bottom="0.27" right="0.75"/>
</ReportSettings>
<Header reportPageType="0">
<Background name="NullBackground"/>
<LeftList/>
<CenterList/>
<RightList/>
</Header>
<Footer reportPageType="0">
<Background name="NullBackground"/>
<LeftList/>
<CenterList/>
<RightList/>
</Footer>
<RowHeight defaultValue="19">
<![CDATA[19,19,23,19,19,19,19,19,19,19,19]]></RowHeight>
<ColumnWidth defaultValue="72">
<![CDATA[72,72,78,106,136,72,72,72,72,72,72]]></ColumnWidth>
<CellElementList>
<C c="1" r="1" s="0">
<O>
<![CDATA[年份]]></O>
<Expand/>
</C>
<C c="2" r="1" s="1">
<O>
<![CDATA[月份]]></O>
<Expand/>
</C>
<C c="3" r="1" s="1">
<O>
<![CDATA[订单数量]]></O>
<Expand/>
</C>
<C c="4" r="1" s="1">
<O>
<![CDATA[订单总额]]></O>
<Expand/>
</C>
<C c="1" r="2" s="2">
<O t="DSColumn">
<Attributes dsName="ds1" columnName="YEAR"/>
<Complex/>
<RG class="com.fr.report.cellElement.core.FunctionGrouper"/>
</O>
<Expand dir="0"/>
</C>
<C c="2" r="2" s="3">
<O t="DSColumn">
<Attributes dsName="ds1" columnName="MONTH"/>
<Complex/>
<RG class="com.fr.report.cellElement.core.FunctionGrouper"/>
</O>
<Expand dir="0"/>
</C>
<C c="3" r="2" s="3">
<O t="DSColumn">
<Attributes dsName="ds1" columnName="ORDERID"/>
<Condition class="com.fr.data.condition.ListCondition"/>
<Complex/>
<RG class="com.fr.report.cellElement.core.SummaryGrouper">
<FN>
<![CDATA[com.fr.data.util.function.CountFunction]]></FN>
</RG>
<Result>
<![CDATA[$$$]]></Result>
</O>
<Expand/>
</C>
<C c="4" r="2" s="3">
<O t="DSColumn">
<Attributes dsName="ds1" columnName="AMOUNT"/>
<Condition class="com.fr.data.condition.ListCondition"/>
<Complex/>
<RG class="com.fr.report.cellElement.core.SummaryGrouper">
<FN>
<![CDATA[com.fr.data.util.function.SumFunction]]></FN>
</RG>
<Result>
<![CDATA[$$$]]></Result>
</O>
<Expand/>
</C>
<C c="1" r="3" s="4">
<Expand/>
</C>
<C c="2" r="3" cs="2" s="5">
<O>
<![CDATA[订单总额超过150000的月份个数：]]></O>
<Expand/>
</C>
<C c="4" r="3" s="6">
<O t="Formula" class="Formula">
<Attributes>
<![CDATA[=count(E3[!0]A{B3==$B3&&E3>=150000})]]></Attributes>
</O>
<Expand leftParentDefault="false" left="B3"/>
</C>
</CellElementList>
</Report>
<StyleList>
<Style horizontal_alignment="0">
<FRFont name="SimSun" style="0" size="12"/>
<Background name="ColorBackground" color="-3342388"/>
<Border>
<Top style="1"/>
<Bottom style="1"/>
</Border>
</Style>
<Style horizontal_alignment="0">
<FRFont name="SimSun" style="0" size="12"/>
<Background name="ColorBackground" color="-3342388"/>
<Border>
<Top style="1"/>
</Border>
</Style>
<Style horizontal_alignment="0">
<FRFont name="SimSun" style="0" size="12"/>
<Background name="NullBackground"/>
<Border>
<Top style="1"/>
<Bottom color="-1"/>
</Border>
</Style>
<Style horizontal_alignment="0">
<FRFont name="SimSun" style="0" size="12"/>
<Background name="NullBackground"/>
<Border>
<Top style="1"/>
<Bottom style="1"/>
</Border>
</Style>
<Style horizontal_alignment="0">
<FRFont name="SimSun" style="0" size="12"/>
<Background name="NullBackground"/>
<Border>
<Bottom style="1"/>
</Border>
</Style>
<Style horizontal_alignment="0">
<FRFont name="SimSun" style="0" size="12"/>
<Background name="ColorBackground" color="-52"/>
<Border>
<Top style="1"/>
<Bottom style="1"/>
</Border>
</Style>
<Style horizontal_alignment="0">
<FRFont name="SimSun" style="0" size="12" foreground="-65536"/>
<Background name="ColorBackground" color="-52"/>
<Border>
<Top style="1"/>
<Bottom style="1"/>
</Border>
</Style>
</StyleList>
</WorkBook>
