<?xml version="1.0" encoding="UTF-8"?>
<WorkBook xmlVersion="20091224">
<TableDataMap>
<TableData name="ds1" class="com.fr.data.impl.DBTableData">
<Parameters/>
<Attributes maxMemRowCount="-1"/>
<Connection class="com.fr.data.impl.NameDatabaseConnection">
<DatabaseName>
<![CDATA[FlyReportor]]></DatabaseName>
</Connection>
<Query>
<![CDATA[SELECT ordersdetail.ORDERID,ordersdetail.productid,product.productname,ordersdetail.price,ordersdetail.quantity FROM ORDERSDETAIL,product where product.productid=ordersdetail.productid ]]></Query>
</TableData>
</TableDataMap>
<ReportParameterAttr>
<Attributes showWindow="true" delayPlaying="true" windowPosition="1" align="1"/>
<PWTitle>
<![CDATA[参数]]></PWTitle>
</ReportParameterAttr>
<Report class="com.fr.report.WorkSheet" name="sheet1">
<ReportSettings shrinkToFitMode="0" headerHeight="0.0" footerHeight="0.0">
<Margin top="0.27" left="0.75" bottom="0.27" right="0.75"/>
</ReportSettings>
<ReportWebAttr>
<WebPageContent>
<ToolBars>
<ToolBarManager>
<Location>
<Embed position="1"/>
</Location>
<ToolBar>
<Widget class="com.fr.report.web.ui.impl.page.First">
<WidgetAttr disabled="true"/>
<Text>
<![CDATA[首页]]></Text>
<IconName>
<![CDATA[first]]></IconName>
</Widget>
<Widget class="com.fr.report.web.ui.impl.page.Previous">
<WidgetAttr disabled="true"/>
<Text>
<![CDATA[上一页]]></Text>
<IconName>
<![CDATA[previous]]></IconName>
</Widget>
<Widget class="com.fr.report.web.ui.impl.page.PageNavi">
<WidgetAttr/>
</Widget>
<Widget class="com.fr.report.web.ui.impl.page.Next">
<WidgetAttr disabled="true"/>
<Text>
<![CDATA[下一页]]></Text>
<IconName>
<![CDATA[next]]></IconName>
</Widget>
<Widget class="com.fr.report.web.ui.impl.page.Last">
<WidgetAttr disabled="true"/>
<Text>
<![CDATA[末页]]></Text>
<IconName>
<![CDATA[last]]></IconName>
</Widget>
<Widget class="com.fr.report.web.ui.impl.PageSetup">
<WidgetAttr disabled="true"/>
<Text>
<![CDATA[页面设置]]></Text>
<IconName>
<![CDATA[pagesetup]]></IconName>
</Widget>
<Widget class="com.fr.report.web.ui.impl.FlashPrint">
<WidgetAttr disabled="true"/>
<Text>
<![CDATA[打印[客户端]A]]></Text>
<IconName>
<![CDATA[flashprint]]></IconName>
</Widget>
<Widget class="com.fr.report.web.ui.impl.Print">
<PrintButtons/>
</Widget>
<Widget class="com.fr.report.web.ui.impl.Export">
<Buttons pdf="true" excelP="true" excelO="true" excelS="true" word="true"/>
</Widget>
<Widget class="com.fr.report.web.ui.impl.Email">
<WidgetAttr disabled="true"/>
<Text>
<![CDATA[邮件]]></Text>
<IconName>
<![CDATA[email]]></IconName>
</Widget>
</ToolBar>
</ToolBarManager>
</ToolBars>
<WebPage isPage="true"/>
<WebMargin margins="0,auto,0,auto"/>
</WebPageContent>
<Background name="NullBackground"/>
</ReportWebAttr>
<Header reportPageType="0">
<Background name="NullBackground"/>
<LeftList/>
<CenterList/>
<RightList/>
</Header>
<Footer reportPageType="0">
<Background name="NullBackground"/>
<LeftList/>
<CenterList/>
<RightList/>
</Footer>
<RowHeight defaultValue="19">
<![CDATA[25,16,19,19,19,19,19,19,19,19,19]]></RowHeight>
<ColumnWidth defaultValue="72">
<![CDATA[72,72,72,72,72,72,72,72,72,72,72]]></ColumnWidth>
<CellElementList>
<C c="1" r="0" cs="5" s="0">
<O>
<![CDATA[订单明细]]></O>
<Expand/>
</C>
<C c="1" r="2" cs="5" s="1">
<Expand/>
</C>
<C c="1" r="3" s="2">
<O>
<![CDATA[产品编号]]></O>
<Expand/>
</C>
<C c="2" r="3" s="2">
<O>
<![CDATA[产品名]]></O>
<Expand/>
</C>
<C c="3" r="3" s="2">
<O>
<![CDATA[数量]]></O>
<Expand/>
</C>
<C c="4" r="3" s="2">
<O>
<![CDATA[价格]]></O>
<Expand/>
</C>
<C c="5" r="3" s="2">
<O>
<![CDATA[金额]]></O>
<Expand/>
</C>
<C c="1" r="4" s="3">
<O t="DSColumn">
<Attributes dsName="ds1" columnName="PRODUCTID"/>
<Condition class="com.fr.data.condition.CommonCondition">
<CNAME>
<![CDATA[ORDERID]]></CNAME>
<Compare op="0">
<O t="Formula" class="Formula">
<Attributes>
<![CDATA[=$orderID]]></Attributes>
</O>
</Compare>
</Condition>
<Complex/>
<RG class="com.fr.report.cellElement.core.FunctionGrouper"/>
<Result>
<![CDATA[$$$]]></Result>
</O>
<Expand dir="0"/>
</C>
<C c="2" r="4" s="3">
<O t="DSColumn">
<Attributes dsName="ds1" columnName="PRODUCTNAME"/>
<Complex/>
<RG class="com.fr.report.cellElement.core.FunctionGrouper"/>
</O>
<Expand dir="0"/>
</C>
<C c="3" r="4" s="3">
<O t="DSColumn">
<Attributes dsName="ds1" columnName="QUANTITY"/>
<Complex/>
<RG class="com.fr.report.cellElement.core.FunctionGrouper"/>
</O>
<Expand dir="0"/>
</C>
<C c="4" r="4" s="3">
<O t="DSColumn">
<Attributes dsName="ds1" columnName="PRICE"/>
<Complex/>
<RG class="com.fr.report.cellElement.core.FunctionGrouper"/>
</O>
<Expand dir="0"/>
</C>
<C c="5" r="4" s="4">
<O t="Formula" class="Formula">
<Attributes>
<![CDATA[=D5 * E5]]></Attributes>
</O>
<Expand/>
</C>
</CellElementList>
</Report>
<StyleList>
<Style style_name="Title"/>
<Style style_name="Head"/>
<Style style_name="Head2"/>
<Style style_name="cell"/>
<Style horizontal_alignment="0">
<Format class="java.text.DecimalFormat">
<![CDATA[¤#0.00]]></Format>
<FRFont name="SimSun" style="0" size="12"/>
<Background name="NullBackground"/>
<Border>
<Top style="1" color="-6697729"/>
<Bottom style="1" color="-6697729"/>
<Left style="1" color="-6697729"/>
<Right style="1" color="-6697729"/>
</Border>
</Style>
</StyleList>
</WorkBook>
