<?xml version="1.0" encoding="UTF-8"?>
<WorkBook xmlVersion="20091224">
<TableDataMap>
<TableData name="ds1" class="com.fr.data.impl.DBTableData">
<Parameters/>
<Attributes maxMemRowCount="-1"/>
<Connection class="com.fr.data.impl.NameDatabaseConnection">
<DatabaseName>
<![CDATA[FlyReportor]]></DatabaseName>
</Connection>
<Query>
<![CDATA[SELECT * FROM STSCORE]]></Query>
</TableData>
</TableDataMap>
<Report class="com.fr.report.WorkSheet" name="sheet1">
<ReportSettings headerHeight="0.0" footerHeight="0.0">
<Margin top="0.0" left="0.0" bottom="0.0" right="0.0"/>
</ReportSettings>
<RowHeight defaultValue="19">
<![CDATA[30,25,19,19,19,19,19,19,19,19,19]]></RowHeight>
<ColumnWidth defaultValue="72">
<![CDATA[100,97,72,72,72,72,72,72,72,72,72]]></ColumnWidth>
<FloatElementList>
<com.fr.report.FloatElement>
<Location column="0" row="5" leftDistance="17" topDistance="6" width="550.0" height="291.0"/>
<O t="CC">
<LayoutAttr selectedIndex="0" columns="0"/>
<Chart name="Default">
<Chart class="com.fr.chart.Chart">
<GI>
<Background name="ColorBackground" color="-3355393"/>
<SeriesBorderAttr>
<Border borderColor="-16777216"/>
</SeriesBorderAttr>
<Alpha value="0.4000000059604645"/>
<Is3DSimulation value="false"/>
<IsHorizontal value="false"/>
</GI>
<Plot class="com.fr.chart.plot.Bar2DPlot">
<Plot>
<GI>
<SeriesBorderAttr>
<Border borderColor="-16777216"/>
</SeriesBorderAttr>
<Is3DSimulation value="false"/>
<IsHorizontal value="false"/>
</GI>
<NewSeriesCollection>
<SeriesAttr class="com.fr.chart.plot.BarSeriesAttr">
<BarSeriesAttr>
<DataLabelInfo class="com.fr.chart.axis.DataLabelInfo">
<DataLabel>
<Attr>
<SeriesAttrPosition>
<Attr position="1"/>
</SeriesAttrPosition>
</Attr>
<SeriesLabelStyle>
<Separation>
<![CDATA[,]]></Separation>
<Format class="java.text.DecimalFormat">
<![CDATA[#0]]></Format>
</SeriesLabelStyle>
</DataLabel>
</DataLabelInfo>
<Marker class="com.fr.chart.marker.DiamondFilledMarker" size="5.0"/>
<GI>
<SeriesBorderAttr>
<Border borderColor="-8355712"/>
</SeriesBorderAttr>
<Is3DSimulation value="false"/>
<IsHorizontal value="false"/>
</GI>
</BarSeriesAttr>
</SeriesAttr>
</NewSeriesCollection>
<Legend>
<GI>
<SeriesBorderAttr>
<Border borderColor="-16777216"/>
</SeriesBorderAttr>
<Is3DSimulation value="false"/>
<IsHorizontal value="false"/>
</GI>
<Attr position="4" legendNum="10" visible="true"/>
<FRFont name="SimSun" style="0" size="12"/>
</Legend>
<CateAttr isStacked="false" bgStagger="false" bgColor="-1"/>
<Axis class="com.fr.chart.axis.CategoryAxis">
<AxisLine style="1" color="-8355712"/>
<AxisPosition value="3"/>
<AxisLabelPosition value="3"/>
<MainGridLine style="0"/>
<SecGridLine style="0"/>
<AxisLabelCount value="-1"/>
<TickLine type="2" mainStroke="1.0" len="8" secType="1" secStroke="1.0" secLen="0"/>
<Stagger value="false"/>
<TextAttr>
<Attr alignText="0"/>
</TextAttr>
</Axis>
<Axis class="com.fr.chart.axis.ValueAxis">
<AxisLine style="1" color="-8355712"/>
<AxisPosition value="2"/>
<AxisLabelPosition value="3"/>
<MainGridLine style="3" color="-8355712"/>
<SecGridLine style="0"/>
<AxisLabelCount value="-1"/>
<TickLine type="2" mainStroke="1.0" len="8" secType="1" secStroke="1.0" secLen="0"/>
<Stagger value="false"/>
<TextAttr>
<Attr alignText="0"/>
</TextAttr>
<AxisRange/>
</Axis>
<BarAttr isHorizontal="false" overlap="0.0" interval="2.0"/>
</Plot>
</Plot>
</Chart>
</Chart>
<ReportDataDefinition>
<CategoryDefinition value="A2"/>
<SeriesDefinition name="B1" value="B2"/>
<SeriesPos value="0"/>
<BaseOn value="true"/>
<Top topCate="-1" topValue="-1"/>
</ReportDataDefinition>
</O>
<Style index="0"/>
</com.fr.report.FloatElement>
</FloatElementList>
<CellElementList>
<C c="0" r="0" s="1">
<O t="BiasTextPainter">
<IsBackSlash value="false"/>
<![CDATA[科目 | 班级]]></O>
<Expand/>
</C>
<C c="1" r="0" s="1">
<O t="DSColumn">
<Attributes dsName="ds1" columnName="COURSE"/>
<Complex/>
<RG class="com.fr.report.cellElement.core.FunctionGrouper"/>
</O>
<Expand dir="1"/>
</C>
<C c="0" r="1" s="1">
<O t="DSColumn">
<Attributes dsName="ds1" columnName="CLASSNO"/>
<Complex/>
<RG class="com.fr.report.cellElement.core.FunctionGrouper"/>
</O>
<Expand dir="0"/>
</C>
<C c="1" r="1" s="1">
<O t="DSColumn">
<Attributes dsName="ds1" columnName="GRADE"/>
<Complex/>
<RG class="com.fr.report.cellElement.core.SummaryGrouper">
<FN>
<![CDATA[com.fr.data.util.function.AverageFunction]]></FN>
</RG>
</O>
<Expand/>
</C>
<C c="1" r="4">
<Expand/>
</C>
</CellElementList>
</Report>
<StyleList>
<Style>
<FRFont name="SimSun" style="0" size="12"/>
<Background name="ColorBackground" color="-1"/>
<Border>
<Top style="1"/>
<Bottom style="1"/>
<Left style="1"/>
<Right style="1"/>
</Border>
</Style>
<Style>
<FRFont name="SimSun" style="0" size="12"/>
<Background name="NullBackground"/>
<Border>
<Top style="1"/>
<Bottom style="1"/>
<Left style="1"/>
<Right style="1"/>
</Border>
</Style>
</StyleList>
</WorkBook>
