<?xml version="1.0" encoding="UTF-8" ?>
<WorkBook>
<XMLVersion>20091130</XMLVersion><TableDataMap>
<TableData name="ds_1" class="com.fr.data.impl.EmbeddedTableData">
<Parameters>
</Parameters>
<ColumnNames><![CDATA[项目id,,.,,项目名称,,.,,监控员id,,.,,监控员姓名,,.,,问题要点id,,.,,问题要点名称,,.,,问题id,,.,,问题名称,,.,,Time_id]]></ColumnNames><ColumnTypes><![CDATA[class java.lang.String,class java.lang.String,class java.lang.String,class java.lang.String,class java.lang.String,class java.lang.String,class java.lang.String,class java.lang.String,class java.lang.String]]></ColumnTypes><RowData>
<![CDATA[]Aj'f#,"iRJh&EWfi3/-.NBRJHL##8PGM!_a3"_g(^T)NI<)gL<18<Pl*p.QEFoRn3fZ^@iBt
Bu=GKrrC'-hq)XK9Y7q_G5AH2S
)l+):a%4^01kR'ND&a!pT40fEs7J3k/g'#.q9)Cm+u?mHF
_kij,PeGk>BP0,S]A*7<5!/UnE.Ya%(\mohZF%7dLIVp`IUH?`j<r
LfQo2S:EV'KpjeN>$O:r
mgjnO4LEPah0g;ZH!>iGcGm^4Gr%^%JtO&#mV2cI8AU?p@Lc4c`I$GUFCZe[#lYe5!+6oeeP
lHB-`B
KgOb<3F\G^Y;Q8$_)gtAbM[pR%dapF+GQV!pK4>abll:S)oVE!mP0YQ3!*;`9:,3XT
Th:%kZBqJ[%S9^?#c:TcT3&ihQ"qWMZQ>
8.klQ'G..lk3lR/LKXq0Gl>'ea=T-XA#;Gk$;UU
%pME$&=-cR$(gqn*)&dI\0UD2Qr-mYqQ[dVlUKQW3O'KF[/]ANKY"2]ARlK2
NJp7>dd=?Y\^l2
KL$]AqcrW>/6."R2k$<`NdcEK++#hqm!7s_A7pnDo+oV)Hfs7qcjUC,?+\Dkg"D0dmhH'sRa0
8d-*JGY%G@W
giNl17@YXkT^;+Gr@jhMlN==Q%;W-1J]ASLDRf9G-XiOi["&kFgJsU5GBlY)5H
:?]ArS,Y1oGK>E%@opdAu'q<c_pKdYu"m1_HI
6*]AN=\JJBi&J6+I?&4nN/RM&S5[00?<R^qid
f'j1Sht%>g4P#76o^JF>?g4C1pY@Eg"\YqHp?:njfY)rkJN7D]A@gl=-OCAF_n
&F=7UiJrJmj
*%:l*R=1o@blah]ADE5:Q11'Q(@WPH.Ku6fEf[UL01*e*OcS^pF1,GhdSS(`Z#e%dT">54<g=
#KEGq*_V3:WU:K
E-<]Af6'ArouD`1KT*X8%&L)]Ak/97DWse!W!I&r:1M!/!Ej8(01P\/%jeqf
,0A&%%:pldpr1E,K0l5oWV)c[m*+*P:2&tk/@1]
Alukl*KQ7"fer\DmB"/sCG!Q5IWJsP-Nc!
tO9Mc#k'r/?5IT4,![)XBnOt@MMf\&f6?dBQ9Uf`15,ej*sE&>2qMlH\n9f\Rk\P<
239[LRG
(A(3d(opiBU1Z1nIi#(s>.>0,(.p,+jl+1E'l[?dDKgc<a)oA7pi:^/LI-[(:>IsZIJX.J(u
@r-3uCI#>S%+m@ho[[;
>RlKH%k"gZ&u^09Q)J4PosK.NtdFh_90tU/'JZmk*e,VKr+mZnD"`
]A5YfW/WaJa(W6s'NKH2"2fuF\!B1`'K2=>n,F\-)MH]A?
u-+iGZ7_1(^uF"4">A[[T&JGJq[$
blb_Bt\#b=_<$Lk`B$fa8oBXoBRX$GH1"A+J)l'R^4Ee&(Go%0p4Wj,3q(*6UKRs^gj.pA<
/
lo%@AsR'30(A!*,\9c`H32]A&_0R/FZ4=f%.e!@$EcdfjKT4$S&5B8Ne7`Lsb"ohQo2+*?`)t
MM^@Q.:+0F$fK=Fg47q6?3#E
]A^ugd(+":dnX16+8)5Ir9b$6gH2b#g8a:j-p=qp7XRG8acp>
kkbW*VftqRh?FXRuqYU/',270<,nT9iZf.7_4UkT8*qW<tF;P"
AP6cit%YqspW$"5nemO6=7
f4<$T.nq+Sg@Llj0!'Np:=ntd1<qTQ4^d,YkdFKZ#DppIn2B2#1ZVq5FKE6M0M^2XP]Ab-@I,
.E<
H!@AX'='0tS\k4*pF%I;d[!k:@-'0@QWE[aJ;E(^N2edmGXae-$OjX`6BVkj1!'lD[#_;
97a.C`s(\%u.hcmBM%+F*\dL.Xi59[
0-7IJf)reO&&#P:/Q<(%U5d:Ead]ArOHa)gd"o16,54
H>"WprVS'kJS!b?0q;5pJ2cCNoVlG$%27<sPs?"5G)-f6/$$+ra:PjDX
miFGDMGCUOq+(H&A
cg,DSY$q!B*E+hE)OW'AS*sTGl`%YY+n[5U5W\bA",C?t,VRB9*:LIDl=`T%6!,Yhih@XfG!
9F!`3V![bD
@;@Q_Df]AV#)RY>k/kjoNWm/igoG">W&>4]ArSp%'TbI6bQ!MjS:CbT0Gq=ou3u&
<;IL(9l(m!]AUU\(If5m!2MJ8gXZStqC'JR
ZDs!8@XSCJb?'qS[Jm92_1gIN;X[S5j"rJM7Ri
dLJoO&N!08*>@[)mFlC,dUi@6Y>4EJ1;$@45"GID+BLIh/qo1Zi]Arf'`7&?B
X"&9e3.Z/O!#
J?d04*+L/>c$C"6.d'7%4ND"pW-4:OVFIs?a!(PmEqp7V:R)Hj/S@@+6S`si\jm\W"N&nUU5
u.$OK,C08+pCJH
8)K&@kXdX`3f[u_\#>;kHUE*7TC'C+GLW-TG=5Y7Z6LNi:m;64P'0#PVpm
@n7`03oQ,QG;??9k(G?Kk-`IoBs*$f8CP*k6Qdok3
870^H<ZYLNi]AI&[RF]A,4MX5u.Y8Hu9?
kDiW6It^RM6HAm,c!`\(bTU4)V7LWEctKd=!q8q#H=3K(KDqDa;(i`+ChY#<QpiZ0P
.gZ]AL=
.>FiC_6bn(2K^bm`KV@")T@ntdaW,2!U<dcKKD?,7m^!5sP$^tmoTOPk2;BPD\T1WCqc@]Aq]A
8^+.)^0]Am&(]Am&&
>)a1lZY%4-ft<P0m,3<@/h%r9cWHl[`Y&7Y;pfYj,'B4c$":RpIC=m+nW
#3[#uE\Z_3+CFqFh^tC60,k;p`t6dH3VA("<e"63"t
1&-.%IFe+.]A#4;o+c(6i7Rho)t?U@Z
u%"_.)TAr23%I+"1eDF\<J3R(R>GBu5..B2!ojf6c!!Oh"lrbDaC->U3d)13V/EpO=b\
A4Iq
PZa?Ff,MRC0rM&NqQRq$`X9X9pm0Z3es3t<XmVh$<>'f6?lP7[*b34jbODA\5=2IJS6MSTZm
<bZ2Q&k5=3.PYmdmU4Rat4
U!BZ8CB5f[_ZiPsZLN2AW(9f6>43FBSEqW=IG,72"fi,X"8n8:
>PNb?UP6)+:P`(T6@QXq*@qp3O-uSTCoOm0PJ=IJIK6XW)A^-
3;r[,fVFZAQQ3iAAA&5HH8D
;a6X1I6TE9I6Q.-nBi-sPY!H$h:XLO7qkjI5@I;=^ohHpV/<L9(h!X&[RW;JU7M@r[[f4^g?
)Bo
Y_H4WbSNaFI7^7eLdK.$F35@?[e$IQ^.Q/P<k5T[`53=ibADfb^ltU["qE(:2c\4#gVHB
\X6YZPB9j,U`NOTXMgf_2uM`,o@AV\
8KC%M-G@[&aQ0ZC:6lMPqr%]A(L\SX#^lYk%6e'%C(J
Em[YHPo=DUC/)Dd?,:b;P5F;*!kSktC8.!FiE<TEkGk0PqD.:@'H\`Hl
Eh?=_SDX2mae2[<[
o-/<4S;dSY\FH_i,XO-*5bVo04[I<gkR=[tee?`DB`61Tji1`H\3+dD'm!$6O;HH9Kof9=+\
R\uMSJY/=T
L%QX[Aij!aSFM\rH0N.]AfJF[2.6V$J"c2K4]As<pO)K7'PsqlJ\h%s/W<]AgC8tl
c`.9S?r:P".rhm0%.:(>Y)I%F6'2XrO';T
WFK(p9BoNL'e><tQO%J-1%d-_P:La/g#n2D0gk
`0%RIYUQ/,%p<*c)inep>fYLFkMskYNMYOAtmYhk.GHpZIrFQ*]ALs.X"1u]A
%E5bsDG:15Xm*
=ZKokai6U$Skr!3MIY>o<R4(,T6]AHOJ.>k!20<mAUCU\!r<dM,XeQO+k90SIbV8;CtgP1VRX
.e*5YJZD;sb$
m%/gaj/U(rM%7&/&AW((3-1S<Q;L8.ucjQn(Rshf"Q>O)0Uuio!id&nX"P<G
N_+,HVlK'Vr5@`dd_6i*r&E&n"R%J[^9=U_c2IZ
,Kg]A_sg.f`/*d]AQ@PAOT"8)""A00S>d;h
&H+jp'YfJ^;Cs"i(]Aim?56o'MlNLcG/f.Ee(n^':DaF]A2uI_K@0=eY.a:3StO&
,&PDD_`(E7
H-\-%V(!AD5LE6c:4nJ.)+I_qo#&N0d%7Omr`Q3\=B4Df7:Tr8kgjk=EAWnT#ds-7GuS)\F4
%c*9/EZd^65/+]A!
dgIN)Vn5=IB0VMo,;3aN@`1lF=OK6Vi7@p6.,(p_BWjnFI;l_:9Y^0db8
VR3d[qd[@c&,6q]A&GYppOX&d3*l>uo6JMlZ6i4lgS
?PfXs$2=s6"Mgi2"f+X:%Pbt@(\pEn)
1=lJdrOU2JPc;j'4GPMl99c#'lN(WC&o>4XlU&+BRKaD"qNr,lW\7VJ]AZs#2AKR':Ub
UUB.a
uIH)IU[sJ\67nH@+V5rn+p-2[Z`om#J8a4NqO,iHn#Ic)VGcE`i7?<l_`V]A7d*Z=(u1<d"T-
R1]A))Qj"Ys*Q85,JU`P
S_\a;71g*kAg?&6Vi-3pEB69WBWYJ.&F#-'hV:(FO(EXmHa#<\QgQ
[F*$99j@'$m>0TJG3#f<6MP9g8hV+NG7nTdfT#Hk19(f5D
UV&JKO7*,&0XH$s@8l(r9&SqDI
gp^B6I)uPC#uf;p'Pf@@nXr\D+/H:NDZS>*I\>=">XlFf#74.L]AGt30d<K`>\7Y?>Hd*@kB1

p/KQjWcT'KLM.JiJBdW%(n:SFI6p/kC]AXKk_0b+"6EYr[5ig]A+f=;e_nFu=BuA9="@m7@;@1
5?\oMi'Rt.="q3at]Akl]AEb
V`F8A%t(t1c`>*`D`b1Mm\3HFtIBZ@pkNa1;;*$]A%(F[QoIMcH
>+]Ae/R.&`J\`']A6P*,V2qkqh!:Q<_M@FHpa4ea9V5#RZ6[
!P%"u6$jD/.Nt$muD-(4C/_U.L
r-m+:-%-aJ5fYS2?gP>)Ch(XpV2rI(<=?JP-.jBm!O'XRK'=;$r['0=]AF[]Aj%[?d=?ibqEE
$
,6!NdICOE[#Q4mhj)mN6i`PPf$jLNMT6icUmDP!"f>Ji;6Q6CY2F^j7@<nRFD/rf6<YgA-qA
6)4`odK>IrS&ss*lI]A(M$c9G
24\%%6HA4Z10R%l"u`)rkA]AQMio$_!&NRoP**e]Aht\R&I*+j
,%44/np-\35Z"Z;<mSksEY_ld3=Q6QLa-O!%Pn3`'e'33Sg1[
_S$A:qnm[$$uZ8c23WO*^G9
F3dpnM\ZlgljqXA.M\85=!oFRh,FT:Jdkg'A[6=S)u&Oqj^)r733>S1^\_]Am'G7nbS.`iEkQ
>W
)[b$DLA09&3ES6?=0l;P@Y&3XBVR&Kcn`AReDJ.sMC%8Xe-3T^SOHe;(tWEf*FgNF`.MGc
D,:c[oM*Vej0PFXI>\h8XY#A,#iB*
[rg&7#YQ9-V]A-GT6H:1B0q!F#7O5)'V?]Ak33>RD#;9T
a_G355.25H5<b>8XqMXut%Fr-*'+JG<I~

]]>
</RowData>
</TableData>
</TableDataMap>
<ReportParameterAttr>
<Attributes showWindow="false" delayPlaying="true" windowPosition="0" align="1" />
<PWTitle><![CDATA[参数]]></PWTitle>
</ReportParameterAttr>
<Report class="com.fr.report.WorkSheet" name="sheet1">
<ReportSettings headerHeight="0.0" footerHeight="0.0">
<Margin top="0.27" left="0.7499999999999999" bottom="0.27" right="0.7499999999999999" />
</ReportSettings>
<ReportPageAttr>
</ReportPageAttr>
<ReportWebAttr>
<EmailManager mailHost="" password="___" user="" fromEmailAddress="" />
<ServerPrinter>
</ServerPrinter>
<Background name="NullBackground" />
</ReportWebAttr>
<Header reportPageType="0">
<Background name="NullBackground" />
<LeftList>
</LeftList>
<CenterList>
</CenterList>
<RightList>
</RightList>
</Header>
<Footer reportPageType="0">
<Background name="NullBackground" />
<LeftList>
</LeftList>
<CenterList>
</CenterList>
<RightList>
</RightList>
</Footer>
<ReportWriteAttr>
</ReportWriteAttr>
<RowHeight defaultValue="19">
<![CDATA[19,17,19,19,19,29,20,20,20,20,20,20,20,20,20,20,20,20,20,20,19]]>
</RowHeight>
<ColumnWidth defaultValue="72">
<![CDATA[145,86,72,228,82,72,72,72,72,72,72]]>
</ColumnWidth>
<CellElementList>
<C c="0" r="0" s="0"><O><![CDATA[项目名称]]></O>
<HighlightList><Highlight class="com.fr.report.highlight.DefaultHighlight">
<Condition class="com.fr.data.condition.ListCondition"></Condition>
<HighlightAction class="com.fr.report.highlight.RowHeightHighlightAction">
</HighlightAction>
</Highlight>
</HighlightList><Expand dir="0" />
</C>
<C c="1" r="0" s="0"><O><![CDATA[问题数]]></O>
<HighlightList><Highlight class="com.fr.report.highlight.DefaultHighlight">
<Condition class="com.fr.data.condition.ListCondition"></Condition>
<HighlightAction class="com.fr.report.highlight.RowHeightHighlightAction">
</HighlightAction>
</Highlight>
</HighlightList></C>
<C c="2" r="0" s="0"><O><![CDATA[占比]]></O>
<HighlightList><Highlight class="com.fr.report.highlight.DefaultHighlight">
<Condition class="com.fr.data.condition.ListCondition"></Condition>
<HighlightAction class="com.fr.report.highlight.RowHeightHighlightAction">
</HighlightAction>
</Highlight>
</HighlightList></C>
<C c="3" r="0"><HighlightList><Highlight class="com.fr.report.highlight.DefaultHighlight">
<Condition class="com.fr.data.condition.ListCondition"></Condition>
<HighlightAction class="com.fr.report.highlight.RowHeightHighlightAction">
</HighlightAction>
</Highlight>
</HighlightList></C>
<C c="4" r="0"><HighlightList><Highlight class="com.fr.report.highlight.DefaultHighlight">
<Condition class="com.fr.data.condition.ListCondition"></Condition>
<HighlightAction class="com.fr.report.highlight.RowHeightHighlightAction">
</HighlightAction>
</Highlight>
</HighlightList></C>
<C c="0" r="1" s="0"><O t="DSColumn"><Attributes dsName="ds_1" columnName="项目名称" />
<Condition class="com.fr.data.condition.ListCondition"></Condition>
<Complex order="2" />
<RG class="com.fr.report.cellElement.core.FunctionGrouper">
</RG>
<SortFormula><![CDATA[count(ds_1.select(问题id))]]></SortFormula><Result><![CDATA[$$$]]></Result></O>
<HighlightList><Highlight class="com.fr.report.highlight.DefaultHighlight">
<Condition class="com.fr.data.condition.ListCondition"></Condition>
<HighlightAction class="com.fr.report.highlight.RowHeightHighlightAction">
</HighlightAction>
</Highlight>
</HighlightList><Expand dir="0" />
</C>
<C c="1" r="1" s="0"><O t="DSColumn"><Attributes dsName="ds_1" columnName="问题id" />
<Condition class="com.fr.data.condition.ListCondition"></Condition>
<RG class="com.fr.report.cellElement.core.SummaryGrouper">
<FN><![CDATA[com.fr.data.util.function.CountFunction]]></FN></RG>
<Result><![CDATA[$$$]]></Result></O>
<HighlightList><Highlight class="com.fr.report.highlight.DefaultHighlight">
<Condition class="com.fr.data.condition.ListCondition"></Condition>
<HighlightAction class="com.fr.report.highlight.RowHeightHighlightAction">
</HighlightAction>
</Highlight>
</HighlightList></C>
<C c="2" r="1" s="1"><O t="Formula" class="Formula"><Attributes><![CDATA[=B2/sum(B2[`0]{})]]></Attributes></O>
<HighlightList><Highlight class="com.fr.report.highlight.DefaultHighlight">
<Condition class="com.fr.data.condition.ListCondition"></Condition>
<HighlightAction class="com.fr.report.highlight.RowHeightHighlightAction">
</HighlightAction>
</Highlight>
</HighlightList></C>
<C c="3" r="1"><O t="Formula" class="Formula"><Attributes><![CDATA[=A2+"("+ FORMAT(C2,"0.00%")+")"]]></Attributes></O>
<HighlightList><Highlight class="com.fr.report.highlight.DefaultHighlight">
<Condition class="com.fr.data.condition.ListCondition"></Condition>
<HighlightAction class="com.fr.report.highlight.RowHeightHighlightAction">
</HighlightAction>
</Highlight>
</HighlightList><Expand dir="0" leftParentDefault="false" left="A2" />
</C>
<C c="4" r="1"><O><![CDATA[]]></O>
<HighlightList><Highlight class="com.fr.report.highlight.DefaultHighlight">
<Condition class="com.fr.data.condition.ListCondition"></Condition>
<HighlightAction class="com.fr.report.highlight.RowHeightHighlightAction">
</HighlightAction>
</Highlight>
</HighlightList></C>
<C c="0" r="2"></C>
<C c="3" r="2"></C>
<C c="0" r="3" cs="5" rs="2" s="2"><O><![CDATA[各项目问题占比比较]]></O>
</C>
<C c="0" r="5" cs="5"><O t="Image"><Image width="1000" height="450">
<![CDATA[mG6H=?:WPEiVUA%6I2<a'*9=&%]A#jk69<O-bHfoIOsSeE#_rg*X)(Lsk,bTGi&TQC[oTWrhX
(40s5`h=lt";mBj[Y8IdcH<rVb
,n5Pt>=5(?(ps4,09roj5Qr;BAd:H+Qr^ICG[X0_ff^0`M
lIDbs>kkDjYmrNNTD>!FAs4$6.>bC>'qkNVTch4h4[t!^bIBLoh\c
'_NWR(7J5'Od5qjpTUl
Z7Jls0VglF+(4;Xabc%ch4h4[m0^QqHTZYF8NF1fB<!8TBcm^V`r_qqV;%pms@6HY0ZdOrR:
bLch4h4
\,Q'251euoh#?O7k]A;0TcgBWd>bC>'IBG6iTDDfblZ;e^^[M!j\N\X.p.tS#51euo
h"oXcqHTZYF8Ma$UX/VD5.?%-F+(4;om%
-F:<m<D:UW^l5#c.nci&9>?gA6,rp<MN?VVO+0:
j90J+U;?lhc5*YKoM,lZ;q6mK_mh50*L%XFL*\qV;)0q8)u!TDQ@:%p8l.*;
$f7C]AD6L_#2g
I=FYkoDgt*GlZ:A_k!/^tp[rsMqUao'c`LRO&+0\b^HT^7"0@"L'Dbt+H[[[KdHA6ImfV.U4
pQLRr;ls!zzz!
!!"?HMliGP;*.*O7l'D!8Kd>m#M,H\:;)>!qo.]A,6.`3T)eRT!;dkP5N\U6
#69;OZ2:fpn,$Vo!<@ZI0tom7TD8]AlJGZVKZ1%
/YA,ZLZo+fK!cd-Fbhu$sFq;M:rEShSV5N
<"2^\*LKa8GOXh@JK[o?[1L5KnV*NqmI>@=EGcF56Kno?[2_q/?5+cS>I4TD-7t`V
_gdhZj,
]AzzzzJEPndn]A<-HkP6!>I[E?-rIOhPf`1=L`m=O-I[gpVrE4W[5D&i@TA(HHT0C<lFZt?K#O
WsIs.=(V3.?5jo(^>
8khcX1b$P,A+8Ta.5s1e6_u.CM#0^GiqR?L_riXS`r5/C6!5SQho6ER
E0)u!frEZ%bUR5Bg!9!jZcb1F_(B=HnriXSl:WtJBs)i
F2]A#be?ol'lHrEWcT5Kke9Dnu8So
Ju,Vit(8gmMF)$s*CaFI'Z&Pn\b*jGC6as4k;!pO8[2u!6/4"qV;!*I_Hp#*:))JdHC3No
)n
@ZqV;'ar:'[??[Z;Q#N&%DRid1R%0-A.zzzz!!'f'Hh;QP0`h=T!.>=W!!)lNp]A(9oJ3J`nL
IW^8ftYkeWm@m%kC<4)iqo1
:`n1)fIK/U,UYa=0Ii3T]Ap&=njT4^Cgm.9-6j*\-sUX.cBI:)
<\rabu>s6+P$Ma#bUmP"8UI?*pBoBC>RfD0!*]Aq7K45IS;u\
N\X.c6rKFqV;&)pU,J::Y*;X
O$:%fk]A;1?raPnA3B0(UFBDfIo=)_!qY\b0(ONmQmiNRBW;cBApAOj6n*9d;n+f'=rft1rX0
9
;)rM05H+8u,0s*bQ-ro92ZiV0C$^Z[o^)s:jDr3O`4o_V)Oq3c[2Y'kc=)q+`Qq=V9^fB<!
8TBgQHY0YpboXR0;kPAGUlW_]A=c
h4h4fB<!8TBgQHY0ZdO51euoh#?^:osm9<kPAGUlZ7KWc
eXZS\N\X.qHTZY>L0M!osm9<kPAGUlZ7KWch4h4fB<!8T4^CgUVi9i
XhWcipJLesrLa*]A_tL
i`O8nq2Dngegq:al\q#?tmoCn70^OEW3^\.&jo/f!_UZ3.tJ$Jg=]Ag"sKGO,(2f7.o@7=RP5
IX:H)e
c1*lqT`E>nb#o:rm?pHiV2ZM^U3uhn+@9@^/faW5+d2ZT>T"4R%MbiM8+PtnW3Bhn*
e_TIJ;9Ar+\I251euo>bC>'IBLoh\N\X.
qHTZYF+(4;osm9<kPAGUlZ7KWch4h4fB<!8TBgQ
H5!tt26V#i(kME9n!!)cJkBXh5rVeqVqgnF<cN+$mkJe$7R6CiU!!%EW!!!#
_ErZ1?d,tB/!
:Y(O5'jM+T*#)OI_3o(H1pt7lVF,T!2.YtTD@+9mmhjlqY+WP^?k#iI=/?P:[e%e5-82Xci!
B`Sq"]AMBD2.*r
VRL\s37-bX3Y/1hu1RjD1(ud5.?"6\bYFeSF?;Z^Z]A`eDLUnmpODpaIBLoh
K0FL.ks+Y"q=V9^f4X6Lq[if.zzzz!7/jQV?[>R
S"fp(11ed=lc8p]A0SXB3+.dE<ol#<[kDT
;hp\4V@s4pJukNH:MT0<MP)88?!F55*d&,V.FZi9>&i-_fEqYn2nk.gdBqAfHLs3p
.]A5/[=%
X<2h>5bI@`E'JmEcCb"2:I;AE0DbU[hlleCBE.kqp[A'0dIi_%r1hT1m/8/TriSH!e_dS,q(
_a@O8emSpNcH/6T,B-
pAS"hr`Hk[B><>b5/6a#51euo>X.LpIBLoh\N\X.k]A;0Tch4jAXj?[
N51euo>bC>'IBLoh3Vm!QYAh4:hTtVNCYs&Yhm(Ktmr*
ZX]AKU`CZ+l@kC[Jja-Z_MeqnFq7k
5Tn3c]A,.*NBYtWqTSd&qs/=dQTj$aqV:pkIanCI56Lrdzzz^r<hXnF<C>^[J<$o,6H"^M
j%i
T&6l8:\FHhI=BmWIK,o!j8@'U5C5VEp>>Um`ZALQht^^[\=`#,hcHFrJ+M.gn,)ElIBLoh\N
Y4$(r)[1mVb`?s+?'Ba0574
8*>*bpT+;fBE.FMZ]AEGrlSn_07t9Fo++&H;hnR)#X)YnqSfb#
Zcg(*d4GLuLYP7fkn#P^9fAc[k51euo>bC<qIBLo@IsnKGosm
9<kPAGUlYCpOch4h4fB<!8T
BgQHY0ZdO51euo>bC>'cStUpeE>DtpXeT7c4B*]AgA?*eq<rbdG<]A*"s8(1=\N_!>kEGL=T3G
[
RY<FoFosm7F5P;QNfB:FTpN(b#IriB2rq3fcfB:EqIBLoh\N\W3`m=V2pc>%;^\Za^Z@;JW
q6/-;\bW5Nost%Oq<<@2cg>Z=GLj
MmfB<"cq4c4.\N\X.qU5.urqps]A*f%,ZYP5g#rVY?p\%
:GRVt]AqF5(E:t<F<Mkk@aJ`;gn\H^Ae*.Z0+XNqH3^q;uQW]ArHoU
`r#Yfa1OnPY5OS:B>bC>
'pCD\Tch4P,fB<!8TBe"UmePYAS51&,TBgQHY0ZdOJ$72SJ+SN1dc^J^r,KL'kPAGU]A79$cI
BJY(\
N\X.qHRClF3j#u2?*@#kPBSf5$r_ff&piCq<IRtrQ9WIYeKb?p$_dF5Pj121mZl,N]A-
-CkD/r(5.<cB#CWc$XY5+!ch4jEA,\K
\oXR/p5O3B=DZ8mAI;XI9?i%qDb4E/Nl#V9Uc^c0G
Du/8gX<7)F5.A8uPs3g_k0GUMDtX)LrV:hjHlqBYr1+qmq0hkdrdaZQIGo
Q3IsaJ>YO>tKE.
7"lo@"Q@F0%%PB>jHNzzz!!'eQDV[N^>4qFUrJ[rKj80Z8j$2Pp\Y#7]A=C9Vq^5r*MqdFl#+
6-jYN5%P85E
2j1p\h3Ihe0n!q=ad-Rr7%DhUMG[8,n&3o/FG1jQ"jV4?p1FStF]A)qr?c7_s7
,+pA1`%IR]Ar:^!FIcq%Gl_WmC^mV;GW.h%/?
9nBUe*o)&=DpOhH%<1iJtIBLoh\N\X.qHTZY
F+*KRk]A;0Tch4h4fB<!8TBgR]AY<LS$qHTX35CK]A\ossr[XoB7Aj(!Ia?blO4
r.+_TT#/aa8"
5I"okSrp?!j_k%mOF]Aqq>EDcV47bof:[>Aj)dQ&*?sQo==m(^W&d9lZ;Y&hcHF3^VT_VIk\Y
0\b0`clnA2Tqm
5alcTOMF^[)KpF8%obfD+QNI;]A&Bqs&7c2`RGr&*DJ44C@`0%KHJ/zzzz*1
boqF1B?`Jb>)o1VR7G)F(HTn9rPGYeH'gnMS%JT
>hDGIXGLN%b<kachN+fC&GdCH!67JqS%H
$I/8nBCj^On?iBMq^-6jmhnJEWrV([=IdHmsO0SKo?iS09o&n?aZKGT`o0%<tl?tn5
rI*f,D
P&Smq]AFA7\(/7.51euo>bC>'IBLnech^n=j*mfMdHApK+mul!E,in<pDs(uB@#J_f?`gD=+1
)#TB72Eo+11pmbd/^rS
RN353R'9Y0WZ"p*]ASj5bDQdGQ&O'oXR0;kN3<#+7g$0?gch6L]A--.
2a6GHIBLneO7jsq1I.RBs8RSOhgUgVW$1m/H]ALu&nVr
N(n)p`9I^O[?s7bom^=n(Op[?.oci
+cN5OnE]AIK&?ST@IN!^Y\.#mf#*CrJd66-_o#&pA'l`s&&`B>Q+HbF+(4;osm9<kPF!0X
O$Q
"mRR*nI3*l%zzz!!!"2Y]AoCEzzzz34GXec]A@TTIK0@u50u7.htR5f8?Ucr"N/BRhlHc@LCMe
c8+#K3J,YKlrhGOHr>WQJ
%d7F"QTidZk.a+3kOrfoq]Af4XINO!@ccmQtci+C3Hj;nYG^bUdn
H4=ADth6P$nH[RYQ"D]AC8ej1C-Varo7-,s++=(RhZ1rG5T
eaqoRT1bs7Nod[snM4+4##B[K#
-FD<q/pUV@o$qYcuRrm*tLhqHE.qu*i#IeN\t^40pHNW/lHs$!3=:\FZ4\iuWKLS`6ZIqO91

kkZ6HI?)$+b\m(CT7)/jTDDfblZ7KWch4h4GQ-fIpM53FriaZ@\N\X.``Jeu5CK]A\osm9<kP
AGUlZ7KWch0<3mm#A"!G5Yf`X(
nJq>fgl_#CC\_>OV?&$Z&756-*Aet;KKqQN0!q?*u%l>pq
E!UBih5O/hFT7cfLI:7P++(5$JeQfY6&@1mI)RQF!ml1+<A<.hZDg
`NKj-R=VpE&5Bs*jY:4
8S]Afr'A(sh;@n951etj09)UodHC@2?X`r,?hClmfB7\]AL%3XTqHTXs^\/c@#CWc$osm6kI;/
V<O$;
1Yq?lg!rA$^3!rr<$ESp3OLTLK(UQ<ado)iT2T>ntIAa]AT3a*73k?[_p6rd?JMcnADn
GC?X?of;5/j(Ec3\N\VHQp9dNIBLoh3
T,?pr:IN`fB:_grQ"hEKg*7lr=Ar/z!1*BHhBN"#z
zz!''l-[0$C/z!$LKp]Aku;L^\.&jWdgYo^L-[(WBU?@Dsd3pIK,`6I&an
EAtQiET>/q&a49X
>X5CZm^L*%N^Kpg;@K,M4o?[E2c]A,."6_E[cIBLoh\N\X.qHP-,F+(4;oqO_&kPAGUlZ7KWc
h4h4fB<"cq
rr1nci0]AcNN_q@TBgQHY0ZdO51euo>b=7"oBkt$I!oj9o^DPRrRS`ElM^^qhf&
/U(]AO022;7s+UM!]AhpKRM^pA2q's68j]An
U7J,5O"p:PMk=o?QYj5YO)"QrVS6s4slp%dIg`B
r#,J4hL#7r*hV]Ac[tFEBn,#EEq5M^5\N\X.qHTZYF+(4;osm9<kPAGUlZ7K
Wch4h4fB<!8TB
gQHY0ZdO51euo>bC>'IBLoh\N\X.qHTZYF+(4;osm9<kPAGU=6T7ZG96jlC@._7#kNsOkE#F
Os6tL4roP;Qo)
[&goJuUUo+QN^JGgAW$hMF:Z[[3aI"1_u_"dum(]A#-KL\Zcj#Jg=tq1\WSr
qZQM&)Z:BS((M@%tIgM529b/0Y\HIrg83/&+>;B
DuKbs+2Ie@T4@mT5LJWofUjn50Rq;2qhO
p`pG`*Pzz!!%OE^>.BHzzzz!!&[B0<Q9O4D]AiQql#.mZCe>spgcU=pA>j-qp3!j7U
Np\^VB`
hqPnqWO$<QnpQ+"r=0(e^e_e^1?b:5g^OPHglc8s#TBc`1Y0X4'IBLoPYO%nXh#51i8=qt.g
jf"-IW5;NF+%s+e`Zd6
TBgQJ?_?Y*I;]A"n+6mqGT[3;Aoqg"-\bhZj;kL[o\0'sVkD/r<51^
=j5CK]A\mD&L&TBgQHmdKI_IK&a&o5F@B*]A-:bIFN^Yg
!<`JI'TA/H[^tRrF]AJEUT`S?hr"ED
I8rJg7j%crqoA'tX4?sjlL3p)YMD.Dh`pbDp#CM"ch2oSfB:_O51euc=8#F<mXF/EUsGS
Rm_
AU'5</]A8\N[M&l>qBVch4i`YKulerq#5drQb^n4sJn)pB1<1H.Th0_tS;gE;stY*HV-K^E5M
OYl;mcI1A5Dm/Of'5'K6`I
em<A!rr<$AGbQ)*\OSkq"T;JcQD$Tljr8bs7Qu\fDWSbbPcY/n
K7^Ykkr<o2o##Gi-_g0qnDp^rQtH+F+')IfD^Fe#Ma7EkN8*p
GQ2eMFFF5jz!!!c#LO@\"qq
hMS<*u9NcStk&eb=FkE.3dlIs+%85E)fAA,_#W9:tNk!9]A\42h1Lcqj[B`k]A;0TcN33qqm61
1
q-eZq+7fa(?i"$""$"'f3VmL\rSa6$+eL[brqAZBe^nI-o8UM74_V&(!9[G&kNi(qmcW_fn
MPg?+0^7ZF+"PVr6jcjYJ,%,1OfC
QY0Zc$i;@VFG!@oMN3E%erdar?TBgOukEeA&?eHM$!.a
7mPHQ'E1.D6D!2.YhEVBtDz!#Whu?esUMMuWhX5bA,Y!.[8bkJ6of%f
cS0zzzz!!!"L<IFH#
4TGH^zzzB_q5![2C(1&'V4@cStatEW0-K@"6:$J(a:_rI(^GrRL?ImK_$UbR_oNII@$Prf'+
nkPAGUf:W
*Cpu:_=&&+Q<FSqk_J+iCQrVO)'IIHhbqu"Qb^YZ_t4hl<X?hA^crVVMd?VC%h?
[_s7I\5ocl[H,4q)A0K^A%51^OPSDUOA:'rm
Bni5%"!]A]AD)7hTBgR]AUH[;mqHTZYF+(4;dHC
@2TBgQHY0YMYqHTZYF+(4;osssRqhIAekPAGUgHUZ.jp1$McM9NupTo?O?a/
hpZ?i.(rr1U6
s60?(o=lr+IV7.,?d()_IaPnpqtQ3NrEK<9p\L;+ra`cNn))H_?bP>Mr-uIGq"YSO^R"*Z^\
[pMrBAcPfDT1Go
5F9uIIH@BIfJ!f8,FM-rM.[\ID5"DGOPE[51euC7t%Pdosm9<kPAGUUX/V
D51eurmfsq^GsCBg0CE\WrpP3KIoQ*uYHIa!<M.%$
s*NXQm.FfeWVu_Vn(dZ,lML&:j6QVJH
i1!ao1u"EF+*KUY0VNGkF_5/rS6<'\N\X.k+=gr5P;QNGCS*)qHVo;+8*2Ch>Q1)l>uo
6IBP
j7HM8E[!!(C'h`nlfWVXBurVf[EIt.1f3W&E-^4&SEhkP[Nf)EDGn(dZ,lML&:j6QWm5M!=>
VpG%H5'MM.kJ"_&chI*]Am
dL!WT0"-rDgcMPl>qCArhe$7\\<&Il>uj7qn)CKkPE6q2ZNE[51
eucn+ti6GQ.EPhTu.+TBgQHDLLjBOiJODzzzz!.a7mDu[J6W
qu;fl`rbN5/u4L!oX"GrHpiF
re0`MHi\28i;3Q-T6qa@CO?/%IU'7,V>^(n]A-5^s0Dk]Aos*j\:N;e7*J%t@=T09p>hq\+\m-

!-ij#?l3?N'f(5!Rh0h&g:DJ'C0ke^$I.Y0ZJGqHTXsJ,3EBlZ7KWDtLS(fB<!Xrq-Qtz!!!
c3jjQ9kz!!'79pHH,n>4qV/rVQ9
eIHt\8ohk\bB907h2u!;/qtW/Ips$Oe=$M28cO]AbOpW&]A
j?aGg^kl%U/h/DZkqHTXsJ,3'8lZ7KWceVsa+8*0.O*gVb]A1[M>
j-\B;%fcU$jaQUmI:(@a!
!&\LoV_4FT*#(DqmGV]AIG+2:a*3jCmRK"4Nun?%4Nm]AWoD?7pcN+#2^ZePSK0BM?!;C9Tn,%
]A#
#64c&VE^%NqA]AJ8gopC]An&r/K5Iq4&z!!"jgooD1RDUJ8[I=BJUId@TZ+*GWUq$qQ9+4d(
U$NL/,zJFi[0LUT2[,;SF`p%^WF
qQW9[IafCqf'iM8=J'm5&*qR;"^1"Mz!!!#Ci:7,Sm8ei
o!WW3#I1?5W!;bLG!!!"L4pM&f!.D#r!<<*ParBg,@VIb?N"H$i!9e
J(!!(C/`WlJDi*s@up
R=Dqet;C=ju;GKZd0`b&,R^Sp1Jb[0Yc#u@/g?0z!!(+3a1pF1z!!!"LDI35+ohEHIpBC.-o
>gdHr!1%
:N:./:2u4N\T2_7D2[T7HK/!E-!!%EW!!!#qh"UjL!:Z5$q3N$']A\6bP!!!!aT*#
&nJ3GnU!!!"lcN+"G5bI@`!!!"jf'hM.#l
jr*z2#Qdt)f1=jTC5//q3h2/^"6?Zpl59#p8?X
11]A.&KTAQ^LIeEBIqYk8Xf"N6.hD_de+87;C#P1ldlZ7KWch4h4fB;:o51eu
o>lU5,^(8L2I
BLoDkP@]A@lVHQ9ch38]A2u`jX!+6#7]AQ9VQdIHgVW'!;NT<J"car\=FT?mL9H[TLUTBc#pp"u
se^/s3ANR->
QUXf6RpA*`tjniG7l>qBVch4h4fB<"cr7'p+>b=+8!!"Y*Dr9F+A;gKg!'m.Y
!!%O5fB3,6!2.X=i-a]A(z!5Ppeq5nG%N"H$i!
9eJ(!!(C/qAb$ckLXhVzz!!#Rad\$76zzzz
!!"G*d\![ZHZO+0lec?uIf@pe=+@sL^L)D:B:o4On]AuZulLQNQI&hbSe^'TKq7H
M&lMRSDJ)
(Xd^)pCj5HK;u1k'N'5P2MbchXWfosm9<kP?1m-i9,)Tg%)kejoQ7ji,EtoXR/0^?TcfY0Zd
O5"D67^NI8?q>7e<%
/p,@hq[%`ch4h4fB:F\IBLoh\N\X.k]A?>sTBgQHY0ZdO51euo>bC>'l
V!j[Id;(4?_?Y*IGPm7f(s(ZqeXs3J,*9llJj\sps))
'UZ8!FI+@C]Ap@q\g^8mkZg%0F\rRL
^@HiCSuXF3=7IXbJuIVAZA^4/!;k)F6S>b=)bosm9<kPAGUUX.3B3o@^MrEWcbrr-gg?e
qO(
osm9<kK[.WY0ZdO51eu]AF7WJ*lZ7KG4asO/ht$*VgS01ig3S8Km.hCpIHuNRf=1PboBuY05O
LI<IH(.iF)X>KkG.^2q$gG
uk]A;.^mcWMWAGtP;"4ej6^HMnsF)X<Hs-V]AJnG7J0C<3U8fG=G
_eCONoB@!dFmopmX]AY;X/R!8S>rc,[RlP&/_T7d#$3$58P
b\t;n7%`ddE'FU%,O6HG)mDNrr
Ui1\T7ca_qT&MgQ.OVFz!!!"$hCi6n"TSN&zz!!!"LZX<Y#.KBGKzzzzzhtd(`3rf6\zzzE;

$WiFo_RCz@!P!8_c6[:zzz!''ktX#g:]Az!5PYI%GhWU&(Ut%s*[s5T</Y$%q,Dl55H8Z&(V!
^>b@LX!;7Mpj8I1TYWf-!hq.[?
IFs#LqiC9pk88]AQ51&Khh#&uuJGgk5O+2YeiQC(jIm;s(e
d$8Fhpp%clbi]A(fRJj@50*GNomo<YkN4.BrQ"\X5P#8a&*q.-FZ
s"Op)h*L@smo/`ZM8moXR
.E5E-7_s2jc*hsH*8ce!$e^V;hi?[M]Au+7(*8^0gO,=8tJ7hr"Dsp\aJC5M\QJJ+)k(1B-E#
c:;i
&l>u\=lURT5F(_0E_>EE_%fcS0zzzn/jlBj[rV-^V;hi?[M]Au+7(*8^0gO,=8tJ7hr"D
sp\aJC5M\QJJ+)k(1B-E#c:;i&l>u\
=lURT5F(_0E_>EPVXSm/4kKb3AhZ#e:muP2s<r`0qb
5Sj?r]A0lMTDa4<rU4sf^OLTQe*?mLIrrH,I(nfcIBLo`TDDfblZ7Jls4
$6.=eG#$qkO%b51e
uo>bBb8osm9<kNHu8Y0ZdO5'OckkP?.u!2e3.F(5=Q!!)j8!!!#k\NU5u!!%EW!!!#q>b;+p
pEr:VnFFl%
m(_HTq.:^uR!J]A)hI!;OO1g&#re0l[hXU>gk.X'dpAIL2R:#gGrep_BT0(rHq5
2JtY<M^Zof;m(pk/00T=_jJJ&(o(J&_FWT:9
3ah#<616_?Ht_>0tSNNYP?rE&4SdGKFsg#G$
frSI:nrP#W4AbGj\qY=Y$+8`gFXFC1OrP+u,I_O,,h^?YjpH/-8EVG7=mr.*5l,
k?$Y0ZdO5
-I#^>5MCopQ+aWg!?SBosm9<kPF!5X3^+fJ"l[qhL2?Kosm9<kPAGUlZ7KWch4h4fB<"crD'
!NF+(4;osm9<kPAGU
lZ7KWch4h4fB<!XL-?^Xn+V:FdGJm7qsWnCbPR@6I^@X%p%KF(^RpNM
I]AItue^+9KT5XE"dHKnkqYbF-q)S<HNkU!)+8!*-fB<
!8TBgQHY0ZdO51euo>bC>'ID1$"ce
^=Mn#nG:q(V[@iP2RurVc]Ahq75D/o<3SWomM4;o?[I8T)#)+6(dIaIBLoh\bh6RFoLZIb
WgO
Dr6sh2J,2j2qu6FsTA/8rRIB25Rt!6/^\J7FIlDi=Qglg0!4]AeO]AQ!,i:"d9'<IK<bT>1-t=
9&/m^OPqL2>[=.HGA&1h#
#ui5!Q'^J+*=^3^2t6ID9.Xn^$'!HiJQgqH87GNrFF>n+WTL0CF
Vl>bC>'I;]A(-5LS`k>bC>'IBLoh\N\X.X09kGFuK<Wjf=lF
Im:+0puVPQlJpKCr3P:1p%aaK
rj.*hm-e<[qi3ji<r`-/k=>Du[55A(ml0e*48SgAqgS'!WP3l+hG<?VrM@j5SNbZgqHP-.F+
(
4;osm9<kPBDq^<u-?>bC>'IBLoh\_f>10(saice#m<YMKfd>bC=$IBLoh\bVrFost(mqrWY
tfB<!8TBgRj\N\X.qHTZYF+(3PXW
Mtoch4h4fB<!8hro-0Y0Y?'IBLohQes_doXR0;kPAGUe
+<IOE9YLlo1P_AF7VbklZ<$dpW\b3rSMPC\mO^nOmb7!n#Oe3p5(t'T
BgQHY0ZdO51euoh!^
^SqHTZYF+$5q5@sl`\'NZ0j3`A6qsS/^?glmU5(;2F;gj()s8CWkBCt_`rVLm?\^(fPch^ml
Ii3\7)#aF
rqqn%Eq4&Q'>bC>'IBLn953d3;DLQn\qhIAekPAGUlZ7KWceZA.\bi5tfB5+8oX
Xk451euC%t1V,osm9<k;XRV\NVr:4hpq_TBg
QHY0ZdO51euc?i&RVdei?OS.GJOrEc,^F8$2
nY0ZdO51esW+8*0.2a9I?rBm4CF+(4;osm9<kO)^Rh#5[ulZ8R,qV;$UTBgRm%t
1V,osm9<k
;XRV\NVr:4hpq_TBl)7qY[1.VY7\r?Z5N5[@aYqpO-C\r]A[BdJ&)&>o*\U*]A6BWWn&Fmpkhj
-urFf.'qiCaS]Aq
;M$pO1r,c+\\/^A\/r(MfUL^!Co$Hp@Qg~

]]>
</Image>
</O>
</C>
<C c="0" r="6" cs="5" rs="16"><O t="CC"><LayoutAttr selectedIndex="0" columns="0"/><Chart name="Default">
<Chart class="com.fr.chart.Chart"><GI><Border style="0" color="-16777216" /></GI><Plot class="com.fr.chart.plot.PiePlot">
<Plot><GI><Background name="ColorBackground"
 color="-8355712">
</Background>
<Border style="0" color="-16777216" /><Alpha value="0.2" />
</GI><Bounds x="17.0" y="32.0" w="257.0" h="235.0"/><SeriesCollection><Default borderLineStyle="0" borderLineColor="-8355712" seriesLineStyle="1" alpha="1.0"><DataLabel><Attr seriesName="false" cateName="false" showValue="false" position="1" showItem="false"/><Separation><![CDATA[,]]></Separation><Format class="java.text.DecimalFormat"><![CDATA[#0]]></Format>
</DataLabel></Default></SeriesCollection><Legend position="4" legendNum="40">
<GI><Border style="0" color="-16777216" /></GI><Bounds x="297.0" y="37.0" w="297.0" h="240.0"/><FRFont name="SimSun" style="0" size="12" />
</Legend>
<PieAttr startAngle="145" separate="0"/></Plot></Plot>
<NameJavaScriptGroup>
<NameJavaScript name="网络报表1">
<JavaScript class="com.fr.report.js.ReportletHyperlink">
<JavaScript class="com.fr.report.js.ReportletHyperlink">
<Parameters>
<Parameter>
<Attributes name="p" />
<O t="Formula" class="Formula"><Attributes><![CDATA[=CATEGORY]]></Attributes></O>
</Parameter>
</Parameters>
<ReportletName extendParameters="true"><![CDATA[/doc/chart/preprocess2.cpt]]>
</ReportletName></JavaScript>
</JavaScript>
</NameJavaScript>
</NameJavaScriptGroup>
</Chart>
</Chart>
<ReportDataDefinition>
<CategoryDefintion value="D2" />
<SeriesDefinition name="E2" value="B2" />
<SeriesPos value="0" />
<BaseOn value="true" />
<Top topCate="-1" topValue="-1" />
</ReportDataDefinition>
</O>
</C>
</CellElementList>
</Report>
<StyleList>
<Style horizontal_alignment="0">
<FRFont name="SimSun" style="0" size="12" />
<Background name="NullBackground" />
<Border></Border>
</Style>
<Style>
<Format class="java.text.DecimalFormat"><![CDATA[#0.00%]]></Format>
<FRFont name="SimSun" style="0" size="12" />
<Background name="NullBackground" />
<Border></Border>
</Style>
<Style horizontal_alignment="0">
<FRFont name="SimSun" style="1" size="20" foreground="-6697729" />
<Background name="NullBackground" />
<Border></Border>
</Style>
</StyleList>
</WorkBook>
