<?xml version="1.0" encoding="UTF-8"?>
<WorkBook xmlVersion="20091224">
<TableDataMap>
<TableData name="ds1" class="com.fr.data.impl.DBTableData">
<Parameters/>
<Attributes maxMemRowCount="-1"/>
<Connection class="com.fr.data.impl.NameDatabaseConnection">
<DatabaseName>
<![CDATA[FlyReportor]]></DatabaseName>
</Connection>
<Query>
<![CDATA[SELECT * FROM ORDERS]]></Query>
</TableData>
</TableDataMap>
<Report class="com.fr.report.WorkSheet" name="sheet1">
<ReportSettings headerHeight="0.0" footerHeight="0.0">
<Margin top="0.27" left="0.75" bottom="0.27" right="0.75"/>
</ReportSettings>
<RowHeight defaultValue="19">
<![CDATA[21,75,19,19,19,19,19,19,19,19,19]]></RowHeight>
<ColumnWidth defaultValue="72">
<![CDATA[140,72,134,125,94,72,72,72,72,72,72]]></ColumnWidth>
<CellElementList>
<C c="0" r="1" s="0">
<O t="DSColumn">
<Attributes dsName="ds1" columnName="ORDERID"/>
<Complex/>
<RG class="com.fr.report.cellElement.core.FunctionGrouper"/>
</O>
<Present class="com.fr.report.cellElement.BarcodePresent">
<BarcodeAttr height="30"/>
</Present>
<Expand dir="0"/>
</C>
<C c="1" r="1" s="0">
<O t="DSColumn">
<Attributes dsName="ds1" columnName="CUSTOMERID"/>
<Complex/>
<RG class="com.fr.report.cellElement.core.FunctionGrouper"/>
</O>
<Expand dir="0"/>
</C>
<C c="2" r="1" s="0">
<O t="DSColumn">
<Attributes dsName="ds1" columnName="SIGNDATE"/>
<Complex/>
<RG class="com.fr.report.cellElement.core.FunctionGrouper"/>
</O>
<Expand dir="0"/>
</C>
<C c="3" r="1" s="0">
<O t="DSColumn">
<Attributes dsName="ds1" columnName="SHIPDATE"/>
<Complex/>
<RG class="com.fr.report.cellElement.core.FunctionGrouper"/>
</O>
<Expand dir="0"/>
</C>
<C c="4" r="1" s="0">
<O t="DSColumn">
<Attributes dsName="ds1" columnName="AMOUNT"/>
<Complex/>
<RG class="com.fr.report.cellElement.core.SummaryGrouper">
<FN>
<![CDATA[com.fr.data.util.function.SumFunction]]></FN>
</RG>
</O>
<Expand/>
</C>
</CellElementList>
</Report>
<StyleList>
<Style horizontal_alignment="0">
<FRFont name="SimSun" style="0" size="12"/>
<Background name="NullBackground"/>
<Border>
<Top style="1"/>
<Bottom style="1"/>
<Left style="1"/>
<Right style="1"/>
</Border>
</Style>
</StyleList>
</WorkBook>
